package br.business.impl;

import javax.ejb.EJB;
import javax.ejb.Stateless;
import br.dao.Dao;
import br.model.Entity;
import static org.easymock.EasyMock.*;
import org.junit.*;
import java.util.*;
import static org.junit.Assert.*;

/**
 * Testes unitarios para a classe {@link Business}.
 */
public class TestBusiness  {

/**
 * Classe sendo testada {@link Business}.
 */
private Business business;

/**
 * Configuracoes iniciais.
 */
@Before
public void setUp() {
  business = new Business();
}

/**
 * Cria o mock {@link Dao} e seta na classe sendo testada.
 * @return o mock criado
 */
private Dao criarMockDao() {
  Dao mock = createStrictMock(Dao.class);
  business.setDao(mock);
  return mock;
}

/**
 * Teste para o metodo {@link Business#voidMethod(Entity)}.
 */
@Test
public void testVoidMethod() {

// variaveis usadas
final Entity entity = new Entity(1);

// Configurando mock
Dao dao = criarMockDao();
dao.voidMethod(entity);
replay(dao);

// invocar metodo sendo testado
business.voidMethod(entity);

// checar estados dos mocks
verify(dao);
}
}
