package br.gov.qqpacote;

import br.gov.some.Class;
import static org.easymock.EasyMock.*;
import org.junit.*;
import java.util.*;
import static org.junit.Assert.*;

/**
 * Testes unitarios para a classe {@link Tested}.
 */
public class TestTested  {

/**
 * Classe sendo testada {@link Tested}.
 */
private Tested tested;
}