package br.anypackage;

import static br.Genre.FEMALE;
import br.dao.Dao;
import static org.easymock.EasyMock.*;
import org.junit.*;
import java.util.*;
import static org.junit.Assert.*;

/**
 * Testes unitarios para a classe {@link Business}.
 */
public class TestBusiness  {

/**
 * Classe sendo testada {@link Business}.
 */
private Business business;

/**
 * Configuracoes iniciais.
 */
@Before
public void setUp() {
  business = new Business();
}

/**
 * Cria o mock {@link Dao} e seta na classe sendo testada.
 * @return o mock criado
 */
private Dao criarMockDao() {
  Dao mock = createStrictMock(Dao.class);
  business.setDao(mock);
  return mock;
}

/**
 * Teste para o metodo {@link Business#findWomen()}.
 */
@Test
public void testFindWomen() {

// variaveis usadas
final List<Person> persons = Arrays.asList(new Person(1));

// Configurando mock
Dao dao = criarMockDao();
expect(dao.find(FEMALE))
  .andReturn(persons);
replay(dao);

// invocar metodo sendo testado
final List<Person> personsReal = business.findWomen();

// checar estados dos mocks
verify(dao);

// verificacoes do resultado do metodo sendo testado
assertEquals(persons, personsReal);
}
}
