package br.gov.esaf.sgc.business.impl;

import static org.easymock.EasyMock.*;
import org.junit.*;
import java.util.*;
import static org.junit.Assert.*;

/**
 * Testes unitarios para a classe {@link Bean}.
 */
public class TestBean  {

/**
 * Classe sendo testada {@link Bean}.
 */
private Bean bean;

/**
 * Configuracoes iniciais.
 */
@Before
public void setUp() {
  bean = new Bean();
}

/**
 * Teste para o metodo {@link Bean#resetField()}.
 */
@Test
public void testResetField() {

// invocar metodo sendo testado
bean.resetField();

// verificacoes do resultado do metodo sendo testado
assertFalse(bean.getField());
}

/**
 * Teste para o metodo {@link Bean#activateField()}.
 */
@Test
public void testActivateField() {

// invocar metodo sendo testado
bean.activateField();

// verificacoes do resultado do metodo sendo testado
assertTrue(bean.getField());
}

/**
 * Teste para o metodo {@link Bean#nullifyField()}.
 */
@Test
public void testNullifyField() {

// invocar metodo sendo testado
bean.nullifyField();

// verificacoes do resultado do metodo sendo testado
assertNull(bean.getField());
}
}