package br.business.impl;

import javax.ejb.EJB;
import javax.ejb.Stateless;
import br.dao.Dao;
import br.model.Entity;
import static org.easymock.EasyMock.*;
import org.junit.*;
import java.util.*;
import static org.junit.Assert.*;

/**
 * Testes unitarios para a classe {@link Business}.
 */
public class TestBusiness  {

/**
 * Classe sendo testada {@link Business}.
 */
private Business Business;

/**
 * Configuracoes iniciais.
 */
@Before
public void setUp() {
  Business = new Business();
}

/**
 * Cria o mock {@link Dao} e seta na classe sendo testada.
 * @return o mock criado
 */
private Dao criarMockDao() {
  Dao mock = createStrictMock(Dao.class);
  Business.setDao(mock);
  return mock;
}

/**
 * Teste para o metodo {@link Business#nonVoidMethod(Entity, boolean)}.
 */
@Test
public void testAlterarSituacaoDosCamposDeAtuacaoDoEntity() {

// variaveis usadas
final boolean nonVoidMethodFromMock = false;
final Entity entity = new Entity(1);
final boolean novaSituacao = false;

// Configurando mock
Dao dao = criarMockDao();
expect(dao.nonVoidMethod(entity,novaSituacao))
  .andReturn(nonVoidMethodFromMock);
replay(dao);

// invocar metodo sendo testado
final boolean nonVoidMethodReal = Business.nonVoidMethod(entity,novaSituacao);

// checar estados dos mocks
verify(dao);

// verificacoes do resultado do metodo sendo testado
assertEquals(nonVoidMethodFromMock, nonVoidMethodReal);
}
}
